usbd_audio_if.c:165:15:AUDIO_Init_FS	24	static
usbd_audio_if.c:185:15:AUDIO_DeInit_FS	16	static
usbd_audio_if.c:201:15:AUDIO_AudioCmd_FS	24	static
usbd_audio_if.c:224:15:AUDIO_VolumeCtl_FS	24	static
usbd_audio_if.c:251:15:AUDIO_MuteCtl_FS	16	static
usbd_audio_if.c:265:15:AUDIO_PeriodicTC_FS	24	static
usbd_audio_if.c:279:15:AUDIO_GetState_FS	4	static
usbd_audio_if.c:290:6:TransferComplete_CallBack_FS	8	static
usbd_audio_if.c:301:6:HalfTransfer_CallBack_FS	8	static
usbd_audio_if.c:310:6:Send_Audio_to_USB	16	static
usbd_audio_if.c:320:15:Audio_Record	8	static
